[debug] [2026-07-15T19:32:51.256Z] ----------------------------------------------------------------------
[debug] [2026-07-15T19:32:51.263Z] Command:       C:\nvm4w\nodejs\node.exe C:\nvm4w\nodejs\node_modules\firebase-tools\lib\bin\firebase.js deploy --only hosting --project sidca-a33f0
[debug] [2026-07-15T19:32:51.263Z] CLI Version:   15.15.0
[debug] [2026-07-15T19:32:51.264Z] Platform:      win32
[debug] [2026-07-15T19:32:51.265Z] Node Version:  v20.18.0
[debug] [2026-07-15T19:32:51.265Z] Time:          Wed Jul 15 2026 16:32:51 GMT-0300 (hora estándar de Argentina)
[debug] [2026-07-15T19:32:51.265Z] ----------------------------------------------------------------------
[debug] 
[debug] [2026-07-15T19:32:57.286Z] > command requires scopes: ["email","openid","https://www.googleapis.com/auth/cloudplatformprojects.readonly","https://www.googleapis.com/auth/firebase","https://www.googleapis.com/auth/cloud-platform"]
[debug] [2026-07-15T19:32:57.287Z] > authorizing via signed-in user (sidcaapp2021@gmail.com)
[debug] [2026-07-15T19:32:57.287Z] [iam] checking project sidca-a33f0 for permissions ["firebase.projects.get","firebasehosting.sites.update"]
[debug] [2026-07-15T19:32:57.290Z] Checked if tokens are valid: false, expires at: 1784070014268
[debug] [2026-07-15T19:32:57.290Z] Checked if tokens are valid: false, expires at: 1784070014268
[debug] [2026-07-15T19:32:57.291Z] > refreshing access token with scopes: []
[debug] [2026-07-15T19:32:57.305Z] >>> [apiv2][query] POST https://www.googleapis.com/oauth2/v3/token [none]
[debug] [2026-07-15T19:32:57.306Z] >>> [apiv2][body] POST https://www.googleapis.com/oauth2/v3/token [omitted]
[debug] [2026-07-15T19:32:57.641Z] *** [apiv2] error from fetch(https://www.googleapis.com/oauth2/v3/token, {"headers":{},"method":"POST","body":{"_overheadLength":545,"_valueLength":212,"_valuesToMeasure":[],"writable":false,"readable":true,"dataSize":0,"maxDataSize":2097152,"pauseStreams":true,"_released":true,"_streams":[],"_currentStream":null,"_insideLoop":false,"_pendingNext":false,"_boundary":"--------------------------a5b48f774c14f5f41fe2a158","_events":{},"_eventsCount":1}}): FetchError: request to https://www.googleapis.com/oauth2/v3/token failed, reason: unable to verify the first certificate
[error] Authentication Error: Your credentials are no longer valid. Please run firebase login --reauth

For CI servers and headless environments, generate a new token with firebase login:ci
[debug] [2026-07-15T19:32:57.643Z] [iam] error while checking permissions, command may fail: Authentication Error: Your credentials are no longer valid. Please run firebase login --reauth

For CI servers and headless environments, generate a new token with firebase login:ci
[debug] [2026-07-15T19:32:57.644Z] Checked if tokens are valid: false, expires at: 1784070014268
[debug] [2026-07-15T19:32:57.644Z] Checked if tokens are valid: false, expires at: 1784070014268
[debug] [2026-07-15T19:32:57.644Z] > refreshing access token with scopes: []
[debug] [2026-07-15T19:32:57.646Z] >>> [apiv2][query] POST https://www.googleapis.com/oauth2/v3/token [none]
[debug] [2026-07-15T19:32:57.646Z] >>> [apiv2][body] POST https://www.googleapis.com/oauth2/v3/token [omitted]
[debug] [2026-07-15T19:32:57.743Z] *** [apiv2] error from fetch(https://www.googleapis.com/oauth2/v3/token, {"headers":{},"method":"POST","body":{"_overheadLength":545,"_valueLength":212,"_valuesToMeasure":[],"writable":false,"readable":true,"dataSize":0,"maxDataSize":2097152,"pauseStreams":true,"_released":true,"_streams":[],"_currentStream":null,"_insideLoop":false,"_pendingNext":false,"_boundary":"--------------------------9412a2504a2f531c07f48065","_events":{},"_eventsCount":1}}): FetchError: request to https://www.googleapis.com/oauth2/v3/token failed, reason: unable to verify the first certificate
[error] Authentication Error: Your credentials are no longer valid. Please run firebase login --reauth

For CI servers and headless environments, generate a new token with firebase login:ci
[debug] [2026-07-15T19:32:57.744Z] Authentication Error: Your credentials are no longer valid. Please run firebase login --reauth

For CI servers and headless environments, generate a new token with firebase login:ci
[error] 
[error] Error: Assertion failed: resolving hosting target of a site with no site name or target name. This should have caused an error earlier
